
> new@1.0.0 build
> next build

   Γû▓ Next.js 15.1.7
   - Environments: .env

   Creating an optimized production build ...
 Γ£ô (pwa) Compiling for server...
 Γ£ô (pwa) Compiling for server...
 Γ£ô (pwa) Compiling for client (static)...
 Γùï (pwa) Service worker: F:\WorkSpace\Pardis\pardisCounting\new\public\sw.js
 Γùï (pwa)   URL: /sw.js
 Γùï (pwa)   Scope: /
 Γ£ô Compiled successfully
   Linting and checking validity of types ...
   Collecting page data ...
   Generating static pages (0/54) ...
   Generating static pages (13/54) 
node.exe : Error occurred prerendering page "/dashboard". Read more: https://nextjs.org/docs/messages/prerender-error
At C:\Program Files\nodejs\npm.ps1:29 char:3
+   & $NODE_EXE $NPM_CLI_JS $args
+   ~~~~~~~~~~~~~~~~~~~~~~~~~~~~~
    + CategoryInfo          : NotSpecified: (Error occurred ...prerender-error:String) [], RemoteException
    + FullyQualifiedErrorId : NativeCommandError
 
ReferenceError: AnimatePresence is not defined
    at f (F:\WorkSpace\Pardis\pardisCounting\new\.next\server\app\dashboard\page.js:1:11798)
    at nO 
(F:\WorkSpace\Pardis\pardisCounting\new\node_modules\next\dist\compiled\next-server\app-page.runtime.prod.js:20:45959)
    at nI 
(F:\WorkSpace\Pardis\pardisCounting\new\node_modules\next\dist\compiled\next-server\app-page.runtime.prod.js:20:47734)
    at nL 
(F:\WorkSpace\Pardis\pardisCounting\new\node_modules\next\dist\compiled\next-server\app-page.runtime.prod.js:20:65533)
    at nN 
(F:\WorkSpace\Pardis\pardisCounting\new\node_modules\next\dist\compiled\next-server\app-page.runtime.prod.js:20:63164)
    at n$ 
(F:\WorkSpace\Pardis\pardisCounting\new\node_modules\next\dist\compiled\next-server\app-page.runtime.prod.js:20:46311)
    at nI 
(F:\WorkSpace\Pardis\pardisCounting\new\node_modules\next\dist\compiled\next-server\app-page.runtime.prod.js:20:47780)
    at nI 
(F:\WorkSpace\Pardis\pardisCounting\new\node_modules\next\dist\compiled\next-server\app-page.runtime.prod.js:20:62515)
    at nL 
(F:\WorkSpace\Pardis\pardisCounting\new\node_modules\next\dist\compiled\next-server\app-page.runtime.prod.js:20:65533)
    at nN 
(F:\WorkSpace\Pardis\pardisCounting\new\node_modules\next\dist\compiled\next-server\app-page.runtime.prod.js:20:63164)
Export encountered an error on /dashboard/page: /dashboard, exiting the build.
 Γ¿» Next.js build worker exited with code: 1 and signal: null
